Starting Metro Bundler
warning: Bundler cache is empty, rebuilding (this may take a minute)
Android node_modules/expo-router/entry.js ░░░░░░░░░░░░░░░░  0.0% (0/1)
Android node_modules/expo-router/entry.js ░░░░░░░░░░░░░░░░  1.0% (1/1)
Android node_modules/expo-router/entry.js ▓▓▓▓░░░░░░░░░░░░ 28.4% (11/31)
Android node_modules/expo-router/entry.js ▓▓▓▓░░░░░░░░░░░░ 28.4% ( 41/199)
Android node_modules/expo-router/entry.js ▓▓▓▓░░░░░░░░░░░░ 28.4% ( 82/239)
Android node_modules/expo-router/entry.js ▓▓▓▓░░░░░░░░░░░░ 28.4% (107/279)
Android node_modules/expo-router/entry.js ▓▓▓▓░░░░░░░░░░░░ 28.7% (181/338)
Android node_modules/expo-router/entry.js ▓▓▓▓▓░░░░░░░░░░░ 33.3% (243/421)
Android node_modules/expo-router/entry.js ▓▓▓▓▓▓▓░░░░░░░░░ 44.3% (340/511)
Android node_modules/expo-router/entry.js ▓▓▓▓▓▓▓▓░░░░░░░░ 50.5% (418/610)
Android node_modules/expo-router/entry.js ▓▓▓▓▓▓▓▓░░░░░░░░ 52.2% (453/627)
Android node_modules/expo-router/entry.js ▓▓▓▓▓▓▓▓▓▓░░░░░░ 67.1% (530/652)
Android node_modules/expo-router/entry.js ▓▓▓▓▓▓▓▓▓▓░░░░░░ 67.1% (531/652)
Android node_modules/expo-router/entry.js ▓▓▓▓▓▓▓▓▓▓░░░░░░ 67.1% (532/664)
Android node_modules/expo-router/entry.js ▓▓▓▓▓▓▓▓▓▓░░░░░░ 67.1% (538/681)
Android node_modules/expo-router/entry.js ▓▓▓▓▓▓▓▓▓▓░░░░░░ 67.1% (539/681)
Android node_modules/expo-router/entry.js ▓▓▓▓▓▓▓▓▓▓░░░░░░ 67.1% (542/684)
Android node_modules/expo-router/entry.js ▓▓▓▓▓▓▓▓▓▓░░░░░░ 67.1% (560/693)
Android node_modules/expo-router/entry.js ▓▓▓▓▓▓▓▓▓▓░░░░░░ 67.1% (592/743)
Android node_modules/expo-router/entry.js ▓▓▓▓▓▓▓▓▓▓░░░░░░ 68.1% (629/762)
Android node_modules/expo-router/entry.js ▓▓▓▓▓▓▓▓▓▓░░░░░░ 68.4% (630/762)
Android node_modules/expo-router/entry.js ▓▓▓▓▓▓▓▓▓▓▓░░░░░ 70.0% (662/823)
Android node_modules/expo-router/entry.js ▓▓▓▓▓▓▓▓▓▓▓░░░░░ 70.0% (682/923)
Android node_modules/expo-router/entry.js ▓▓▓▓▓▓▓▓▓▓▓░░░░░ 70.0% ( 761/1002)
Android node_modules/expo-router/entry.js ▓▓▓▓▓▓▓▓▓▓▓░░░░░ 70.0% ( 846/1122)
Android node_modules/expo-router/entry.js ▓▓▓▓▓▓▓▓▓▓▓░░░░░ 70.0% ( 944/1164)
Android node_modules/expo-router/entry.js ▓▓▓▓▓▓▓▓▓▓▓░░░░░ 70.8% (1002/1191)
Android node_modules/expo-router/entry.js ▓▓▓▓▓▓▓▓▓▓▓▓░░░░ 79.8% (1073/1201)
Android node_modules/expo-router/entry.js ▓▓▓▓▓▓▓▓▓▓▓▓▓░░░ 85.4% (1145/1244)
Android node_modules/expo-router/entry.js ▓▓▓▓▓▓▓▓▓▓▓▓▓▓░░ 93.3% (1228/1271)
Android node_modules/expo-router/entry.js ▓▓▓▓▓▓▓▓▓▓▓▓▓▓▓░ 97.7% (1273/1317)
Android node_modules/expo-router/entry.js ▓▓▓▓▓▓▓▓▓▓▓▓▓▓▓░ 97.7% (1303/1408)
Android node_modules/expo-router/entry.js ▓▓▓▓▓▓▓▓▓▓▓▓▓▓▓░ 97.7% (1369/1469)
Android node_modules/expo-router/entry.js ▓▓▓▓▓▓▓▓▓▓▓▓▓▓▓░ 97.7% (1407/1493)
Android node_modules/expo-router/entry.js ▓▓▓▓▓▓▓▓▓▓▓▓▓▓▓░ 97.7% (1467/1578)
Android node_modules/expo-router/entry.js ▓▓▓▓▓▓▓▓▓▓▓▓▓▓▓░ 97.7% (1495/1585)
Android node_modules/expo-router/entry.js ▓▓▓▓▓▓▓▓▓▓▓▓▓▓▓░ 97.7% (1508/1585)
Android node_modules/expo-router/entry.js ▓▓▓▓▓▓▓▓▓▓▓▓▓▓▓░ 97.7% (1556/1590)
Android node_modules/expo-router/entry.js ▓▓▓▓▓▓▓▓▓▓▓▓▓▓▓░ 97.7% (1618/1648)
Android node_modules/expo-router/entry.js ▓▓▓▓▓▓▓▓▓▓▓▓▓▓▓░ 99.9% (1712/1712)
Android Bundled 162883ms node_modules/expo-router/entry.js (1712 modules)
Android node_modules/expo-router/entry.js ▓▓▓▓▓▓▓▓▓▓▓▓▓▓▓░ 99.9% (1712/1712)

› Assets (61):
node_modules/@expo-google-fonts/inter/100Thin_Italic/Inter_100Thin_Italic.ttf (347 kB)
node_modules/@expo-google-fonts/inter/100Thin/Inter_100Thin.ttf (343 kB)
node_modules/@expo-google-fonts/inter/200ExtraLight_Italic/Inter_200ExtraLight_Italic.ttf (347 kB)
node_modules/@expo-google-fonts/inter/200ExtraLight/Inter_200ExtraLight.ttf (343 kB)
node_modules/@expo-google-fonts/inter/300Light_Italic/Inter_300Light_Italic.ttf (347 kB)
node_modules/@expo-google-fonts/inter/300Light/Inter_300Light.ttf (343 kB)
node_modules/@expo-google-fonts/inter/400Regular_Italic/Inter_400Regular_Italic.ttf (346 kB)
node_modules/@expo-google-fonts/inter/400Regular/Inter_400Regular.ttf (342 kB)
node_modules/@expo-google-fonts/inter/500Medium_Italic/Inter_500Medium_Italic.ttf (346 kB)
node_modules/@expo-google-fonts/inter/500Medium/Inter_500Medium.ttf (343 kB)
node_modules/@expo-google-fonts/inter/600SemiBold_Italic/Inter_600SemiBold_Italic.ttf (347 kB)
node_modules/@expo-google-fonts/inter/600SemiBold/Inter_600SemiBold.ttf (344 kB)
node_modules/@expo-google-fonts/inter/700Bold_Italic/Inter_700Bold_Italic.ttf (348 kB)
node_modules/@expo-google-fonts/inter/700Bold/Inter_700Bold.ttf (344 kB)
node_modules/@expo-google-fonts/inter/800ExtraBold_Italic/Inter_800ExtraBold_Italic.ttf (349 kB)
node_modules/@expo-google-fonts/inter/800ExtraBold/Inter_800ExtraBold.ttf (345 kB)
node_modules/@expo-google-fonts/inter/900Black_Italic/Inter_900Black_Italic.ttf (349 kB)
node_modules/@expo-google-fonts/inter/900Black/Inter_900Black.ttf (345 kB)
node_modules/@expo/vector-icons/build/vendor/react-native-vector-icons/Fonts/AntDesign.ttf (130 kB)
node_modules/@expo/vector-icons/build/vendor/react-native-vector-icons/Fonts/Entypo.ttf (66.2 kB)
node_modules/@expo/vector-icons/build/vendor/react-native-vector-icons/Fonts/EvilIcons.ttf (13.5 kB)
node_modules/@expo/vector-icons/build/vendor/react-native-vector-icons/Fonts/Feather.ttf (55.6 kB)
node_modules/@expo/vector-icons/build/vendor/react-native-vector-icons/Fonts/FontAwesome.ttf (166 kB)
node_modules/@expo/vector-icons/build/vendor/react-native-vector-icons/Fonts/FontAwesome5_Brands.ttf (134 kB)
node_modules/@expo/vector-icons/build/vendor/react-native-vector-icons/Fonts/FontAwesome5_Regular.ttf (33.7 kB)
node_modules/@expo/vector-icons/build/vendor/react-native-vector-icons/Fonts/FontAwesome5_Solid.ttf (203 kB)
node_modules/@expo/vector-icons/build/vendor/react-native-vector-icons/Fonts/FontAwesome6_Brands.ttf (209 kB)
node_modules/@expo/vector-icons/build/vendor/react-native-vector-icons/Fonts/FontAwesome6_Regular.ttf (68 kB)
node_modules/@expo/vector-icons/build/vendor/react-native-vector-icons/Fonts/FontAwesome6_Solid.ttf (424 kB)
node_modules/@expo/vector-icons/build/vendor/react-native-vector-icons/Fonts/Fontisto.ttf (314 kB)
node_modules/@expo/vector-icons/build/vendor/react-native-vector-icons/Fonts/Foundation.ttf (57 kB)
node_modules/@expo/vector-icons/build/vendor/react-native-vector-icons/Fonts/Ionicons.ttf (390 kB)
node_modules/@expo/vector-icons/build/vendor/react-native-vector-icons/Fonts/MaterialCommunityIcons.ttf (1.31 MB)
node_modules/@expo/vector-icons/build/vendor/react-native-vector-icons/Fonts/MaterialIcons.ttf (357 kB)
node_modules/@expo/vector-icons/build/vendor/react-native-vector-icons/Fonts/Octicons.ttf (69.4 kB)
node_modules/@expo/vector-icons/build/vendor/react-native-vector-icons/Fonts/SimpleLineIcons.ttf (54.1 kB)
node_modules/@expo/vector-icons/build/vendor/react-native-vector-icons/Fonts/Zocial.ttf (25.8 kB)
node_modules/@react-navigation/elements/lib/module/assets/back-icon-mask.png (653 B)
node_modules/@react-navigation/elements/lib/module/assets/back-icon.png (4 variations | 152 B)
node_modules/@react-navigation/elements/lib/module/assets/clear-icon.png (4 variations | 425 B)
node_modules/@react-navigation/elements/lib/module/assets/close-icon.png (4 variations | 235 B)
node_modules/@react-navigation/elements/lib/module/assets/search-icon.png (4 variations | 599 B)
node_modules/expo-router/assets/arrow_down.png (9.46 kB)
node_modules/expo-router/assets/error.png (469 B)
node_modules/expo-router/assets/file.png (138 B)
node_modules/expo-router/assets/forward.png (188 B)
node_modules/expo-router/assets/pkg.png (364 B)
node_modules/expo-router/assets/sitemap.png (465 B)
node_modules/expo-router/assets/unmatched.png (4.75 kB)

› android bundles (1):
_expo/static/js/android/entry-6dc0d7726b924bdc656282bf052c081c.hbc (6.16 MB)

› Files (1):
metadata.json (4.12 kB)

Exported: dist
__DONE__
